main.c:107:6:updateMenuDisplay	400	static
main.c:115:6:clockwise_menu_event	8	static
main.c:125:6:anticlockwise_menu_event	8	static
main.c:135:6:reset_rtrencFlags	4	static
main.c:142:6:LED_Test	408	static
main.c:176:6:DAC_Test	424	static
main.c:230:6:Demo_Mode	424	static
main.c:294:5:main	80	static
main.c:376:6:SystemClock_Config	88	static
main.c:422:13:MX_DAC_Init	16	static
main.c:460:13:MX_TIM1_Init	96	static
main.c:539:13:MX_UART4_Init	8	static
main.c:572:13:MX_UART5_Init	8	static
main.c:605:13:MX_GPIO_Init	56	static
main.c:681:6:Error_Handler	4	static
