main.c:120:6:updateMenuDisplay	400	static
main.c:128:6:clockwise_menu_event	8	static
main.c:138:6:anticlockwise_menu_event	8	static
main.c:148:6:reset_rtrencFlags	4	static
main.c:155:6:increase_octave	4	static
main.c:160:6:decrease_octave	4	static
main.c:165:6:LED_Test	408	static
main.c:199:6:DAC_Test	424	static
main.c:253:6:Demo_Mode	432	static
main.c:454:6:updateDAC	24	static
main.c:471:6:HAL_UART_RxCpltCallback	16	static
main.c:511:5:main	80	static
main.c:596:6:SystemClock_Config	88	static
main.c:642:13:MX_DAC_Init	16	static
main.c:680:13:MX_TIM1_Init	96	static
main.c:759:13:MX_UART4_Init	8	static
main.c:792:13:MX_UART5_Init	8	static
main.c:825:13:MX_GPIO_Init	56	static
main.c:928:6:Error_Handler	4	static
